user error (parseTimeM: no parse of "2022-02-08 10:20:05")
CallStack (from HasCallStack):
