[2022-02-08 10:20:05][one.two][Warn][filename] msg