CallStack (from HasCallStack):
  getCallStack, called at test/unit/Main.hs:27:36 in main:Main