FILES

Effects/FileSystem/FileReader.hs
Effects/FileSystem/FileWriter.hs
Effects/FileSystem/HandleReader.hs
Effects/FileSystem/HandleWriter.hs
Effects/FileSystem/Path.hs
Effects/FileSystem/PathReader.hs
Effects/FileSystem/PathWriter.hs

DIRECTORIES

Effects
Effects/FileSystem
