MkTimeSpec {sec = 10, nsec = 864197532}
MkTimeSpec {sec = 10, nsec = 864197532}
True
