MkEx
CallStack (from HasCallStack):
  throwWithCS, called at test/unit/Main.hs:0:0 in main:Main
  addsCallStackMerges, called at test/unit/Main.hs:0:0 in main:Main
  addCS, called at test/unit/Main.hs:0:0 in main:Main