MkEx
CallStack (from HasCallStack):
  addCS, called at test/unit/Main.hs:0:0 in main:Main
  addsCallStack, called at test/unit/Main.hs:0:0 in main:Main