MkEx
CallStack (from HasCallStack):
  throwCS, called at test/unit/Main.hs:0:0 in main:Main
  throwsCallStack, called at test/unit/Main.hs:0:0 in main:Main