MkEx
CallStack (from HasCallStack):
  toExceptionBasic, called at test/unit/Main.hs:0:0 in main:Main
  toExceptionTests, called at test/unit/Main.hs:0:0 in main:Main